
--- Testing for: ECE Student ---
DEBUG ROADMAP: edu=B.Tech (3rd Year), is_school=False, is_int=False, guidance=None
python : Traceback 
(most recent call 
last):
At line:1 char:1
+ python test_branch_r
oadmaps.py > 
test_log.txt 2>&1
+ ~~~~~~~~~~~~~~~~~~~~
~~~~~~~~~~~~~~~~~~~~~~
~~~~~~~~
    + CategoryInfo    
          : 
NotSpecified: (T    
raceback (most recent 
    call 
last)::String)     
[], RemoteException
    + 
FullyQualifiedError   
 Id : 
NativeCommandErr    or
 
  File "C:\Users\lenov
o\OneDrive\Desktop\ai_
career_pre\test_branch
_roadmaps.py", line 
45, in <module>
    test_branches()
    ~~~~~~~~~~~~~^^
  File "C:\Users\lenov
o\OneDrive\Desktop\ai_
career_pre\test_branch
_roadmaps.py", line 
28, in test_branches
    print(f"Roadmap 
Themes: {[t['title'] 
for t in roadmap]}")
                      
        ~^^^^^^^^^
TypeError: string 
indices must be 
integers, not 'str'
